2026-08-15 14:08:25 [background-preinit] INFO  o.h.validator.internal.util.Version - HV000001: Hibernate Validator 8.0.2.Final
2026-08-15 14:08:25 [restartedMain] INFO  c.c.ContactManagementBackendApplication - Starting ContactManagementBackendApplication using Java 17.0.18 with PID 14228 (C:\EmazWorkspace\CMS\cohort-9-java-7930-emaz\backend\contact-management-backend\target\classes started by asima in C:\EmazWorkspace\CMS\cohort-9-java-7930-emaz\backend\contact-management-backend)
2026-08-15 14:08:25 [restartedMain] DEBUG c.c.ContactManagementBackendApplication - Running with Spring Boot v3.5.4, Spring v6.2.9
2026-08-15 14:08:25 [restartedMain] INFO  c.c.ContactManagementBackendApplication - No active profile set, falling back to 1 default profile: "default"
2026-08-15 14:08:25 [restartedMain] INFO  o.s.b.d.e.DevToolsPropertyDefaultsPostProcessor - Devtools property defaults active! Set 'spring.devtools.add-properties' to 'false' to disable
2026-08-15 14:08:25 [restartedMain] INFO  o.s.b.d.e.DevToolsPropertyDefaultsPostProcessor - For additional web related logging consider setting the 'logging.level.web' property to 'DEBUG'
2026-08-15 14:08:27 [restartedMain] INFO  o.s.d.r.c.RepositoryConfigurationDelegate - Bootstrapping Spring Data JPA repositories in DEFAULT mode.
2026-08-15 14:08:27 [restartedMain] INFO  o.s.d.r.c.RepositoryConfigurationDelegate - Finished Spring Data repository scanning in 94 ms. Found 2 JPA repository interfaces.
2026-08-15 14:08:28 [restartedMain] INFO  o.s.b.w.e.tomcat.TomcatWebServer - Tomcat initialized with port 8081 (http)
2026-08-15 14:08:28 [restartedMain] INFO  o.a.coyote.http11.Http11NioProtocol - Initializing ProtocolHandler ["http-nio-8081"]
2026-08-15 14:08:28 [restartedMain] INFO  o.a.catalina.core.StandardService - Starting service [Tomcat]
2026-08-15 14:08:28 [restartedMain] INFO  o.a.catalina.core.StandardEngine - Starting Servlet engine: [Apache Tomcat/10.1.43]
2026-08-15 14:08:28 [restartedMain] INFO  o.a.c.c.C.[Tomcat].[localhost].[/] - Initializing Spring embedded WebApplicationContext
2026-08-15 14:08:28 [restartedMain] INFO  o.s.b.w.s.c.ServletWebServerApplicationContext - Root WebApplicationContext: initialization completed in 2599 ms
2026-08-15 14:08:28 [restartedMain] INFO  o.h.jpa.internal.util.LogHelper - HHH000204: Processing PersistenceUnitInfo [name: default]
2026-08-15 14:08:28 [restartedMain] INFO  org.hibernate.Version - HHH000412: Hibernate ORM core version 6.6.22.Final
2026-08-15 14:08:29 [restartedMain] INFO  o.h.c.i.RegionFactoryInitiator - HHH000026: Second-level cache disabled
2026-08-15 14:08:29 [restartedMain] INFO  o.s.o.j.p.SpringPersistenceUnitInfo - No LoadTimeWeaver setup: ignoring JPA class transformer
2026-08-15 14:08:29 [restartedMain] INFO  com.zaxxer.hikari.HikariDataSource - HikariPool-1 - Starting...
2026-08-15 14:08:30 [restartedMain] INFO  com.zaxxer.hikari.pool.HikariPool - HikariPool-1 - Added connection com.mysql.cj.jdbc.ConnectionImpl@6281dfaf
2026-08-15 14:08:30 [restartedMain] INFO  com.zaxxer.hikari.HikariDataSource - HikariPool-1 - Start completed.
2026-08-15 14:08:30 [restartedMain] WARN  org.hibernate.orm.deprecation - HHH90000025: MySQLDialect does not need to be specified explicitly using 'hibernate.dialect' (remove the property setting and it will be selected by default)
2026-08-15 14:08:30 [restartedMain] INFO  o.hibernate.orm.connections.pooling - HHH10001005: Database info:
	Database JDBC URL [Connecting through datasource 'HikariDataSource (HikariPool-1)']
	Database driver: undefined/unknown
	Database version: 8.0.45
	Autocommit mode: undefined/unknown
	Isolation level: undefined/unknown
	Minimum pool size: undefined/unknown
	Maximum pool size: undefined/unknown
2026-08-15 14:08:31 [restartedMain] INFO  o.h.e.t.j.p.i.JtaPlatformInitiator - HHH000489: No JTA platform available (set 'hibernate.transaction.jta.platform' to enable JTA platform integration)
2026-08-15 14:08:31 [restartedMain] INFO  o.s.o.j.LocalContainerEntityManagerFactoryBean - Initialized JPA EntityManagerFactory for persistence unit 'default'
2026-08-15 14:08:32 [restartedMain] DEBUG c.c.security.JwtAuthenticationFilter - Filter 'jwtAuthenticationFilter' configured for use
2026-08-15 14:08:32 [restartedMain] INFO  o.s.d.j.r.query.QueryEnhancerFactory - Hibernate is in classpath; If applicable, HQL parser will be used.
2026-08-15 14:08:35 [restartedMain] WARN  o.s.b.a.o.j.JpaBaseConfiguration$JpaWebConfiguration - spring.jpa.open-in-view is enabled by default. Therefore, database queries may be performed during view rendering. Explicitly configure spring.jpa.open-in-view to disable this warning
2026-08-15 14:08:39 [restartedMain] INFO  o.s.s.c.a.a.c.InitializeUserDetailsBeanManagerConfigurer$InitializeUserDetailsManagerConfigurer - Global AuthenticationManager configured with UserDetailsService bean with name customUserDetailsService
2026-08-15 14:08:42 [restartedMain] INFO  o.s.b.d.a.OptionalLiveReloadServer - LiveReload server is running on port 35729
2026-08-15 14:08:42 [restartedMain] INFO  o.a.coyote.http11.Http11NioProtocol - Starting ProtocolHandler ["http-nio-8081"]
2026-08-15 14:08:43 [restartedMain] INFO  o.s.b.w.e.tomcat.TomcatWebServer - Tomcat started on port 8081 (http) with context path '/'
2026-08-15 14:08:43 [restartedMain] INFO  c.c.ContactManagementBackendApplication - Started ContactManagementBackendApplication in 18.448 seconds (process running for 19.321)
2026-08-15 14:09:05 [http-nio-8081-exec-1] INFO  o.a.c.c.C.[Tomcat].[localhost].[/] - Initializing Spring DispatcherServlet 'dispatcherServlet'
2026-08-15 14:09:05 [http-nio-8081-exec-1] INFO  o.s.web.servlet.DispatcherServlet - Initializing Servlet 'dispatcherServlet'
2026-08-15 14:09:05 [http-nio-8081-exec-1] INFO  o.s.web.servlet.DispatcherServlet - Completed initialization in 2 ms
2026-08-15 14:09:06 [http-nio-8081-exec-2] DEBUG c.c.security.JwtAuthenticationFilter - Authentication successful for user: emaz@gmail.com
2026-08-15 14:09:06 [http-nio-8081-exec-2] INFO  c.c.controller.AuthController - Received login request for: emaz@gmail.com
2026-08-15 14:09:06 [http-nio-8081-exec-2] INFO  c.c.service.AuthService - Attempting login with: emaz@gmail.com
2026-08-15 14:09:06 [http-nio-8081-exec-2] INFO  c.c.service.AuthService - User logged in successfully: emaz@gmail.com
2026-08-15 14:09:07 [http-nio-8081-exec-4] DEBUG c.c.security.JwtAuthenticationFilter - Authentication successful for user: emaz@gmail.com
2026-08-15 14:09:07 [http-nio-8081-exec-4] INFO  c.c.controller.ContactController - Received request to get all contacts
2026-08-15 14:09:07 [http-nio-8081-exec-4] INFO  c.c.service.ContactService - Fetching contacts for current user
2026-08-15 14:09:07 [http-nio-8081-exec-4] WARN  o.s.d.w.c.SpringDataJacksonConfiguration$PageModule$WarningLoggingModifier - Serializing PageImpl instances as-is is not supported, meaning that there is no guarantee about the stability of the resulting JSON structure!
	For a stable JSON structure, please use Spring Data's PagedModel (globally via @EnableSpringDataWebSupport(pageSerializationMode = VIA_DTO))
	or Spring HATEOAS and Spring Data's PagedResourcesAssembler as documented in https://docs.spring.io/spring-data/commons/reference/repositories/core-extensions.html#core.web.pageables.

2026-08-15 14:09:07 [http-nio-8081-exec-5] DEBUG c.c.security.JwtAuthenticationFilter - Authentication successful for user: emaz@gmail.com
2026-08-15 14:09:08 [http-nio-8081-exec-5] INFO  c.c.controller.ContactController - Received request to get all contacts
2026-08-15 14:09:08 [http-nio-8081-exec-5] INFO  c.c.service.ContactService - Fetching contacts for current user
2026-08-15 14:09:17 [http-nio-8081-exec-7] DEBUG c.c.security.JwtAuthenticationFilter - Authentication successful for user: emaz@gmail.com
2026-08-15 14:09:17 [http-nio-8081-exec-7] INFO  c.c.controller.ContactController - Received request to export contacts
2026-08-15 14:09:17 [http-nio-8081-exec-7] INFO  c.c.service.ContactService - Exporting contacts to CSV for current user
2026-08-15 14:09:17 [http-nio-8081-exec-7] INFO  c.c.service.ContactService - Exported 11 contacts to CSV
2026-08-15 14:15:47 [http-nio-8081-exec-1] DEBUG c.c.security.JwtAuthenticationFilter - Authentication successful for user: emaz@gmail.com
2026-08-15 14:15:47 [http-nio-8081-exec-1] INFO  c.c.controller.ContactController - Received request to get all contacts
2026-08-15 14:15:47 [http-nio-8081-exec-1] INFO  c.c.service.ContactService - Fetching contacts for current user
2026-08-15 14:16:00 [http-nio-8081-exec-4] DEBUG c.c.security.JwtAuthenticationFilter - Authentication successful for user: emaz@gmail.com
2026-08-15 14:16:00 [http-nio-8081-exec-4] INFO  c.c.controller.ContactController - Received request to get all contacts
2026-08-15 14:16:00 [http-nio-8081-exec-4] INFO  c.c.service.ContactService - Fetching contacts for current user
2026-08-15 14:16:00 [http-nio-8081-exec-5] DEBUG c.c.security.JwtAuthenticationFilter - Authentication successful for user: emaz@gmail.com
2026-08-15 14:16:00 [http-nio-8081-exec-5] INFO  c.c.controller.ContactController - Received request to get all contacts
2026-08-15 14:16:00 [http-nio-8081-exec-5] INFO  c.c.service.ContactService - Fetching contacts for current user
2026-08-15 14:16:31 [http-nio-8081-exec-7] DEBUG c.c.security.JwtAuthenticationFilter - Authentication successful for user: emaz@gmail.com
2026-08-15 14:16:31 [http-nio-8081-exec-7] INFO  c.c.controller.ContactController - Received request to import contacts from file: contacts.csv
2026-08-15 14:16:31 [http-nio-8081-exec-7] INFO  c.c.service.ContactService - Importing contacts from CSV file: contacts.csv
2026-08-15 14:16:32 [http-nio-8081-exec-7] INFO  c.c.service.ContactService - Imported 11 contacts successfully, 0 failed
2026-08-15 14:16:32 [http-nio-8081-exec-9] DEBUG c.c.security.JwtAuthenticationFilter - Authentication successful for user: emaz@gmail.com
2026-08-15 14:16:32 [http-nio-8081-exec-9] INFO  c.c.controller.ContactController - Received request to get all contacts
2026-08-15 14:16:32 [http-nio-8081-exec-9] INFO  c.c.service.ContactService - Fetching contacts for current user
2026-08-15 14:16:37 [http-nio-8081-exec-10] DEBUG c.c.security.JwtAuthenticationFilter - Authentication successful for user: emaz@gmail.com
2026-08-15 14:16:37 [http-nio-8081-exec-10] INFO  c.c.controller.ContactController - Received request to get all contacts
2026-08-15 14:16:37 [http-nio-8081-exec-10] INFO  c.c.service.ContactService - Fetching contacts for current user
2026-08-15 14:16:39 [http-nio-8081-exec-2] DEBUG c.c.security.JwtAuthenticationFilter - Authentication successful for user: emaz@gmail.com
2026-08-15 14:16:39 [http-nio-8081-exec-2] INFO  c.c.controller.ContactController - Received request to get all contacts
2026-08-15 14:16:39 [http-nio-8081-exec-2] INFO  c.c.service.ContactService - Fetching contacts for current user
2026-08-15 14:16:47 [http-nio-8081-exec-4] DEBUG c.c.security.JwtAuthenticationFilter - Authentication successful for user: emaz@gmail.com
2026-08-15 14:16:47 [http-nio-8081-exec-4] INFO  c.c.controller.ContactController - Received request to get all contacts
2026-08-15 14:16:47 [http-nio-8081-exec-4] INFO  c.c.service.ContactService - Fetching contacts for current user
2026-08-15 14:18:06 [http-nio-8081-exec-8] DEBUG c.c.security.JwtAuthenticationFilter - Authentication successful for user: emaz@gmail.com
2026-08-15 14:18:06 [http-nio-8081-exec-8] INFO  c.c.controller.ContactController - Received request to search contacts with query: 0335-1234567
2026-08-15 14:18:06 [http-nio-8081-exec-8] INFO  c.c.service.ContactService - Searching contacts with term: 0335-1234567
2026-08-15 14:18:10 [http-nio-8081-exec-9] DEBUG c.c.security.JwtAuthenticationFilter - Authentication successful for user: emaz@gmail.com
2026-08-15 14:18:10 [http-nio-8081-exec-9] INFO  c.c.controller.ContactController - Received request to get all contacts
2026-08-15 14:18:10 [http-nio-8081-exec-9] INFO  c.c.service.ContactService - Fetching contacts for current user
2026-08-15 14:18:15 [http-nio-8081-exec-1] DEBUG c.c.security.JwtAuthenticationFilter - Authentication successful for user: emaz@gmail.com
2026-08-15 14:18:15 [http-nio-8081-exec-1] INFO  c.c.controller.ContactController - Received request to search contacts with query: 0335-1234567
2026-08-15 14:18:15 [http-nio-8081-exec-1] INFO  c.c.service.ContactService - Searching contacts with term: 0335-1234567
2026-08-15 14:18:22 [http-nio-8081-exec-3] DEBUG c.c.security.JwtAuthenticationFilter - Authentication successful for user: emaz@gmail.com
2026-08-15 14:18:22 [http-nio-8081-exec-3] INFO  c.c.controller.ContactController - Received request to get all contacts
2026-08-15 14:18:22 [http-nio-8081-exec-3] INFO  c.c.service.ContactService - Fetching contacts for current user
2026-08-15 14:18:27 [http-nio-8081-exec-5] DEBUG c.c.security.JwtAuthenticationFilter - Authentication successful for user: emaz@gmail.com
2026-08-15 14:18:27 [http-nio-8081-exec-5] INFO  c.c.controller.ContactController - Received request to search contacts with query: ali@gmail.com
2026-08-15 14:18:27 [http-nio-8081-exec-5] INFO  c.c.service.ContactService - Searching contacts with term: ali@gmail.com
2026-08-15 14:18:31 [http-nio-8081-exec-6] DEBUG c.c.security.JwtAuthenticationFilter - Authentication successful for user: emaz@gmail.com
2026-08-15 14:18:31 [http-nio-8081-exec-6] INFO  c.c.controller.ContactController - Received request to get all contacts
2026-08-15 14:18:31 [http-nio-8081-exec-6] INFO  c.c.service.ContactService - Fetching contacts for current user
2026-08-15 14:18:38 [http-nio-8081-exec-8] DEBUG c.c.security.JwtAuthenticationFilter - Authentication successful for user: emaz@gmail.com
2026-08-15 14:18:38 [http-nio-8081-exec-8] INFO  c.c.controller.ContactController - Received request to search contacts with query: Software Enginner
2026-08-15 14:18:38 [http-nio-8081-exec-8] INFO  c.c.service.ContactService - Searching contacts with term: Software Enginner
2026-08-15 14:25:08 [SpringApplicationShutdownHook] INFO  o.s.b.w.e.tomcat.GracefulShutdown - Commencing graceful shutdown. Waiting for active requests to complete
2026-08-15 14:25:08 [tomcat-shutdown] INFO  o.s.b.w.e.tomcat.GracefulShutdown - Graceful shutdown complete
2026-08-15 14:25:08 [SpringApplicationShutdownHook] INFO  o.s.o.j.LocalContainerEntityManagerFactoryBean - Closing JPA EntityManagerFactory for persistence unit 'default'
2026-08-15 14:25:08 [SpringApplicationShutdownHook] INFO  com.zaxxer.hikari.HikariDataSource - HikariPool-1 - Shutdown initiated...
2026-08-15 14:25:08 [SpringApplicationShutdownHook] INFO  com.zaxxer.hikari.HikariDataSource - HikariPool-1 - Shutdown completed.
